<html>
<body>
<pre>
<h1>µVision Build Log</h1>
<h2>Project:</h2>
C:\Users\tomas\Desktop\ppsw_lab (1)\ppsw_lab\Ochmanek_ppsw\8_przerwania\current\Ochmanek_ppsw.uvproj
Project File Date:  03/25/2023

<h2>Output:</h2>
Rebuild target 'Target 1'
assembling Startup.s...
compiling main.c...
timer_interrupts.h(1): warning:  #1295-D: Deprecated declaration Timer0IRQHandler - give arg types
compiling led.c...
compiling keyboard.c...
compiling timer.c...
compiling timer_interrupts.c...
timer_interrupts.c(45): warning:  #1-D: last line of file ends without a newline
linking...
Program Size: Code=1236 RO-data=32 RW-data=8 ZI-data=1256  
FromELF: creating hex file...
".\4_1.axf" - 0 Errors, 2 Warning(s).
Rebuild target 'Target 1'
assembling Startup.s...
compiling main.c...
timer_interrupts.h(1): warning:  #1295-D: Deprecated declaration Timer0IRQHandler - give arg types
compiling led.c...
compiling keyboard.c...
compiling timer.c...
compiling timer_interrupts.c...
linking...
Program Size: Code=1236 RO-data=32 RW-data=8 ZI-data=1256  
FromELF: creating hex file...
".\4_1.axf" - 0 Errors, 1 Warning(s).
Rebuild target 'Target 1'
assembling Startup.s...
compiling main.c...
compiling led.c...
compiling keyboard.c...
compiling timer.c...
compiling timer_interrupts.c...
linking...
Program Size: Code=1236 RO-data=32 RW-data=8 ZI-data=1256  
FromELF: creating hex file...
".\4_1.axf" - 0 Errors, 0 Warning(s).
Rebuild target 'Target 1'
assembling Startup.s...
compiling main.c...
compiling led.c...
compiling keyboard.c...
compiling timer.c...
compiling timer_interrupts.c...
linking...
Program Size: Code=1236 RO-data=32 RW-data=8 ZI-data=1256  
FromELF: creating hex file...
".\4_1.axf" - 0 Errors, 0 Warning(s).
Rebuild target 'Target 1'
assembling Startup.s...
compiling main.c...
compiling led.c...
compiling keyboard.c...
compiling timer.c...
compiling timer_interrupts.c...
linking...
Program Size: Code=1236 RO-data=32 RW-data=8 ZI-data=1256  
FromELF: creating hex file...
".\4_1.axf" - 0 Errors, 0 Warning(s).
Rebuild target 'Target 1'
assembling Startup.s...
compiling main.c...
compiling led.c...
compiling keyboard.c...
compiling timer.c...
compiling timer_interrupts.c...
linking...
Program Size: Code=1236 RO-data=32 RW-data=8 ZI-data=1256  
FromELF: creating hex file...
".\4_1.axf" - 0 Errors, 0 Warning(s).
Rebuild target 'Target 1'
assembling Startup.s...
compiling main.c...
compiling led.c...
compiling keyboard.c...
compiling timer.c...
compiling timer_interrupts.c...
linking...
Program Size: Code=1236 RO-data=32 RW-data=8 ZI-data=1256  
FromELF: creating hex file...
".\4_1.axf" - 0 Errors, 0 Warning(s).
Clean started: Project: 'Ochmanek_ppsw'
   deleting intermediate output files for target 'Target 1'
Rebuild target 'Target 1'
assembling Startup.s...
compiling main.c...
compiling led.c...
compiling keyboard.c...
compiling timer.c...
compiling timer_interrupts.c...
linking...
Program Size: Code=1236 RO-data=32 RW-data=8 ZI-data=1256  
FromELF: creating hex file...
".\4_1.axf" - 0 Errors, 0 Warning(s).
Rebuild target 'Target 1'
assembling Startup.s...
compiling main.c...
compiling led.c...
compiling keyboard.c...
compiling timer.c...
compiling timer_interrupts.c...
timer_interrupts.c(22): error:  #147-D: declaration is incompatible with "void Timer0IRQHandler(void)" (declared at line 1 of "timer_interrupts.h")
".\4_1.axf" - 1 Errors, 0 Warning(s).
Target not created
Rebuild target 'Target 1'
assembling Startup.s...
compiling main.c...
compiling led.c...
compiling keyboard.c...
compiling timer.c...
compiling timer_interrupts.c...
linking...
Program Size: Code=1236 RO-data=32 RW-data=8 ZI-data=1256  
FromELF: creating hex file...
".\4_1.axf" - 0 Errors, 0 Warning(s).
Rebuild target 'Target 1'
assembling Startup.s...
compiling main.c...
compiling led.c...
compiling keyboard.c...
compiling timer.c...
compiling timer_interrupts.c...
timer_interrupts.c(50): warning:  #1-D: last line of file ends without a newline
linking...
Program Size: Code=1244 RO-data=32 RW-data=8 ZI-data=1256  
FromELF: creating hex file...
".\4_1.axf" - 0 Errors, 1 Warning(s).
Rebuild target 'Target 1'
assembling Startup.s...
compiling main.c...
compiling led.c...
compiling keyboard.c...
compiling timer.c...
compiling timer_interrupts.c...
linking...
Program Size: Code=1244 RO-data=32 RW-data=8 ZI-data=1256  
FromELF: creating hex file...
".\4_1.axf" - 0 Errors, 0 Warning(s).
Clean started: Project: 'Ochmanek_ppsw'
   deleting intermediate output files for target 'Target 1'
