<html>
<body>
<pre>
<h1>µVision Build Log</h1>
<h2>Project:</h2>
C:\Users\tmasl\Desktop\programowanie\Konwersje\Konwersje.uvproj
Project File Date:  04/18/2023

<h2>Output:</h2>
Build target 'Target 1'
assembling Startup.s...
compiling main.c...
main.c(87): warning:  #1-D: last line of file ends without a newline
main.c(84): warning:  #550-D: variable "result" was set but never used
linking...
Program Size: Code=824 RO-data=16 RW-data=0 ZI-data=1256  
".\Konwersje.axf" - 0 Errors, 2 Warning(s).
Build target 'Target 1'
compiling main.c...
main.c(83): error:  #268: declaration may not appear after executable statement in block
main.c(85): error:  #268: declaration may not appear after executable statement in block
main.c(88): warning:  #1-D: last line of file ends without a newline
main.c(85): warning:  #550-D: variable "result" was set but never used
".\Konwersje.axf" - 2 Errors, 2 Warning(s).
Target not created
Build target 'Target 1'
compiling main.c...
main.c(88): warning:  #1-D: last line of file ends without a newline
main.c(82): warning:  #550-D: variable "result" was set but never used
linking...
Program Size: Code=832 RO-data=16 RW-data=0 ZI-data=1256  
".\Konwersje.axf" - 0 Errors, 2 Warning(s).
Build target 'Target 1'
compiling main.c...
main.c(88): warning:  #1-D: last line of file ends without a newline
main.c(82): warning:  #550-D: variable "result" was set but never used
linking...
Program Size: Code=824 RO-data=16 RW-data=0 ZI-data=1256  
".\Konwersje.axf" - 0 Errors, 2 Warning(s).
Build target 'Target 1'
compiling main.c...
main.c(88): warning:  #1-D: last line of file ends without a newline
main.c(82): warning:  #550-D: variable "result" was set but never used
linking...
Program Size: Code=824 RO-data=16 RW-data=0 ZI-data=1256  
".\Konwersje.axf" - 0 Errors, 2 Warning(s).
Build target 'Target 1'
compiling main.c...
main.c(88): warning:  #1-D: last line of file ends without a newline
main.c(82): warning:  #550-D: variable "result" was set but never used
linking...
Program Size: Code=812 RO-data=16 RW-data=0 ZI-data=1256  
".\Konwersje.axf" - 0 Errors, 2 Warning(s).
Build target 'Target 1'
compiling main.c...
main.c(86): error:  #167: argument of type "char *" is incompatible with parameter of type "unsigned int"
main.c(86): error:  #167: argument of type "unsigned int" is incompatible with parameter of type "char *"
main.c(88): warning:  #1-D: last line of file ends without a newline
main.c(83): warning:  #550-D: variable "result" was set but never used
".\Konwersje.axf" - 2 Errors, 2 Warning(s).
Target not created
Build target 'Target 1'
compiling main.c...
main.c(86): error:  #167: argument of type "char" is incompatible with parameter of type "char *"
main.c(88): warning:  #1-D: last line of file ends without a newline
main.c(83): warning:  #550-D: variable "result" was set but never used
".\Konwersje.axf" - 1 Errors, 2 Warning(s).
Target not created
Build target 'Target 1'
compiling main.c...
main.c(88): warning:  #1-D: last line of file ends without a newline
main.c(83): warning:  #550-D: variable "result" was set but never used
linking...
Program Size: Code=832 RO-data=16 RW-data=0 ZI-data=1256  
".\Konwersje.axf" - 0 Errors, 2 Warning(s).
Build target 'Target 1'
compiling main.c...
main.c(88): warning:  #1-D: last line of file ends without a newline
main.c(83): warning:  #550-D: variable "result" was set but never used
linking...
Program Size: Code=836 RO-data=16 RW-data=0 ZI-data=1256  
".\Konwersje.axf" - 0 Errors, 2 Warning(s).
Build target 'Target 1'
compiling main.c...
main.c(89): error:  #167: argument of type "char *" is incompatible with parameter of type "unsigned int"
main.c(91): warning:  #1-D: last line of file ends without a newline
main.c(84): warning:  #550-D: variable "result" was set but never used
".\Konwersje.axf" - 1 Errors, 2 Warning(s).
Target not created
Build target 'Target 1'
compiling main.c...
main.c(91): warning:  #1-D: last line of file ends without a newline
main.c(84): warning:  #550-D: variable "result" was set but never used
linking...
Program Size: Code=856 RO-data=16 RW-data=0 ZI-data=1256  
".\Konwersje.axf" - 0 Errors, 2 Warning(s).
Build target 'Target 1'
compiling main.c...
main.c(91): warning:  #1-D: last line of file ends without a newline
main.c(84): warning:  #550-D: variable "result" was set but never used
linking...
Program Size: Code=872 RO-data=28 RW-data=0 ZI-data=1256  
".\Konwersje.axf" - 0 Errors, 2 Warning(s).
Build target 'Target 1'
compiling main.c...
main.c(91): warning:  #1-D: last line of file ends without a newline
main.c(81): warning:  #177-D: variable "uiValue" was declared but never referenced
main.c(82): warning:  #177-D: variable "pcStr" was declared but never referenced
linking...
Program Size: Code=816 RO-data=28 RW-data=0 ZI-data=1256  
".\Konwersje.axf" - 0 Errors, 3 Warning(s).
