<html>
<body>
<pre>
<h1>µVision Build Log</h1>
<h2>Project:</h2>
C:\Users\tomas\Desktop\ppsw_lab\ppsw_lab (1)\ppsw_lab\Ochmanek_ppsw\8_przerwania\5\Ochmanek_ppsw.uvproj
Project File Date:  04/25/2023

<h2>Output:</h2>
Rebuild target 'Target 1'
assembling Startup.s...
compiling main.c...
compiling led.c...
compiling keyboard.c...
compiling timer.c...
compiling timer_interrupts.c...
linking...
Program Size: Code=1616 RO-data=32 RW-data=12 ZI-data=1260  
FromELF: creating hex file...
".\4_1.axf" - 0 Errors, 0 Warning(s).
Rebuild target 'Target 1'
assembling Startup.s...
compiling main.c...
compiling led.c...
compiling keyboard.c...
compiling timer.c...
compiling timer_interrupts.c...
linking...
Program Size: Code=1616 RO-data=32 RW-data=12 ZI-data=1260  
FromELF: creating hex file...
".\4_1.axf" - 0 Errors, 0 Warning(s).
Clean started: Project: 'Ochmanek_ppsw'
   deleting intermediate output files for target 'Target 1'
Clean started: Project: 'Ochmanek_ppsw'
   deleting intermediate output files for target 'Target 1'
