<html>
<body>
<pre>
<h1>µVision Build Log</h1>
<h2>Project:</h2>
C:\Users\tmasl\Desktop\programowanie\automaty 2\automaty_2.uvproj
Project File Date:  05/09/2023

<h2>Output:</h2>
Build target 'Target 1'
assembling Startup.s...
compiling main.c...
compiling led.c...
compiling keyboard.c...
linking...
Program Size: Code=2256 RO-data=32 RW-data=8 ZI-data=1256  
FromELF: creating hex file...
".\moduly.axf" - 0 Errors, 0 Warning(s).
Build target 'Target 1'
compiling main.c...
linking...
Program Size: Code=2224 RO-data=32 RW-data=8 ZI-data=1256  
FromELF: creating hex file...
".\moduly.axf" - 0 Errors, 0 Warning(s).
Build target 'Target 1'
compiling main.c...
linking...
Program Size: Code=2228 RO-data=32 RW-data=8 ZI-data=1256  
FromELF: creating hex file...
".\moduly.axf" - 0 Errors, 0 Warning(s).
Build target 'Target 1'
compiling main.c...
linking...
Program Size: Code=2228 RO-data=32 RW-data=8 ZI-data=1256  
FromELF: creating hex file...
".\moduly.axf" - 0 Errors, 0 Warning(s).
Build target 'Target 1'
compiling main.c...
linking...
Program Size: Code=2304 RO-data=32 RW-data=8 ZI-data=1256  
FromELF: creating hex file...
".\moduly.axf" - 0 Errors, 0 Warning(s).
Build target 'Target 1'
compiling main.c...
linking...
Program Size: Code=2304 RO-data=32 RW-data=8 ZI-data=1256  
FromELF: creating hex file...
".\moduly.axf" - 0 Errors, 0 Warning(s).
