<html>
<body>
<pre>
<h1>µVision Build Log</h1>
<h2>Project:</h2>
C:\Users\tomas\Desktop\ppsw_lab (1)\ppsw_lab\Ochmanek_ppsw\8_przerwania\current\Ochmanek_ppsw.uvproj
Project File Date:  03/25/2023

<h2>Output:</h2>
Rebuild target 'Target 1'
assembling Startup.s...
compiling main.c...
main.c(54): warning:  #1-D: last line of file ends without a newline
compiling led.c...
compiling keyboard.c...
compiling timer.c...
linking...
Program Size: Code=1204 RO-data=32 RW-data=4 ZI-data=1260  
FromELF: creating hex file...
".\4_1.axf" - 0 Errors, 1 Warning(s).
Clean started: Project: 'Ochmanek_ppsw'
   deleting intermediate output files for target 'Target 1'
Rebuild target 'Target 1'
assembling Startup.s...
compiling main.c...
main.c(54): warning:  #1-D: last line of file ends without a newline
compiling led.c...
compiling keyboard.c...
compiling timer.c...
linking...
Program Size: Code=1204 RO-data=32 RW-data=4 ZI-data=1260  
FromELF: creating hex file...
".\4_1.axf" - 0 Errors, 1 Warning(s).
Rebuild target 'Target 1'
assembling Startup.s...
compiling main.c...
main.c(54): warning:  #1-D: last line of file ends without a newline
compiling led.c...
compiling keyboard.c...
compiling timer.c...
linking...
Program Size: Code=1204 RO-data=32 RW-data=4 ZI-data=1260  
FromELF: creating hex file...
".\4_1.axf" - 0 Errors, 1 Warning(s).
Rebuild target 'Target 1'
assembling Startup.s...
compiling main.c...
main.c(55): warning:  #1-D: last line of file ends without a newline
compiling led.c...
compiling keyboard.c...
compiling timer.c...
linking...
Program Size: Code=1220 RO-data=32 RW-data=4 ZI-data=1260  
FromELF: creating hex file...
".\4_1.axf" - 0 Errors, 1 Warning(s).
Rebuild target 'Target 1'
assembling Startup.s...
compiling main.c...
main.c(55): warning:  #1-D: last line of file ends without a newline
compiling led.c...
compiling keyboard.c...
compiling timer.c...
linking...
Program Size: Code=1220 RO-data=32 RW-data=4 ZI-data=1260  
FromELF: creating hex file...
".\4_1.axf" - 0 Errors, 1 Warning(s).
Clean started: Project: 'Ochmanek_ppsw'
   deleting intermediate output files for target 'Target 1'
Rebuild target 'Target 1'
assembling Startup.s...
compiling main.c...
compiling led.c...
compiling keyboard.c...
compiling timer.c...
linking...
Program Size: Code=1212 RO-data=32 RW-data=4 ZI-data=1260  
FromELF: creating hex file...
".\4_1.axf" - 0 Errors, 0 Warning(s).
Clean started: Project: 'Ochmanek_ppsw'
   deleting intermediate output files for target 'Target 1'
